---
aFunc
arg1 argument:
value 1
arg2 argument:
value 2
Extra Argument [0]:
extra 1
Extra Argument [1]:
extra 2
